// Jest Snapshot v1, https://goo.gl/fbAQLP

exports[`renders App component should render properly with loading state 1`] = `
<div
  className="container"
>
  <div
    className="progress-loading"
  >
    <img
      alt="loading"
      src="loading.svg"
    />
  </div>
</div>
`;
